// Jest Snapshot v1, https://goo.gl/fbAQLP

exports[`renders without crashing 1`] = `
ShallowWrapper {
  "length": 1,
  Symbol(enzyme.__root__): [Circular],
  Symbol(enzyme.__unrendered__): <App />,
  Symbol(enzyme.__renderer__): Object {
    "batchedUpdates": [Function],
    "getNode": [Function],
    "render": [Function],
    "simulateEvent": [Function],
    "unmount": [Function],
  },
  Symbol(enzyme.__node__): Object {
    "instance": null,
    "key": null,
    "nodeType": "class",
    "props": Object {
      "children": Array [
        <Text
          accessible={true}
          allowFontScaling={true}
          disabled={false}
          ellipsizeMode="tail"
          style={
                    Object {
                              "fontSize": 32,
                              "letterSpacing": 0.5,
                            }
          }
>
          RenZo
</Text>,
        <Earth
          fill="blue"
/>,
        <Text
          accessible={true}
          allowFontScaling={true}
          disabled={false}
          ellipsizeMode="tail"
          style={
                    Object {
                              "bottom": 20,
                              "color": "#ccc",
                              "position": "absolute",
                            }
          }
>
          Shake your phone to open the developer menu.
</Text>,
      ],
      "style": Object {
        "alignItems": "center",
        "backgroundColor": "#fff",
        "flex": 1,
        "justifyContent": "center",
      },
    },
    "ref": null,
    "rendered": Array [
      Object {
        "instance": null,
        "key": null,
        "nodeType": "class",
        "props": Object {
          "accessible": true,
          "allowFontScaling": true,
          "children": "RenZo",
          "disabled": false,
          "ellipsizeMode": "tail",
          "style": Object {
            "fontSize": 32,
            "letterSpacing": 0.5,
          },
        },
        "ref": null,
        "rendered": "RenZo",
        "type": [Function],
      },
      Object {
        "instance": null,
        "key": null,
        "nodeType": "function",
        "props": Object {
          "fill": "blue",
        },
        "ref": null,
        "rendered": null,
        "type": [Function],
      },
      Object {
        "instance": null,
        "key": null,
        "nodeType": "class",
        "props": Object {
          "accessible": true,
          "allowFontScaling": true,
          "children": "Shake your phone to open the developer menu.",
          "disabled": false,
          "ellipsizeMode": "tail",
          "style": Object {
            "bottom": 20,
            "color": "#ccc",
            "position": "absolute",
          },
        },
        "ref": null,
        "rendered": "Shake your phone to open the developer menu.",
        "type": [Function],
      },
    ],
    "type": [Function],
  },
  Symbol(enzyme.__nodes__): Array [
    Object {
      "instance": null,
      "key": null,
      "nodeType": "class",
      "props": Object {
        "children": Array [
          <Text
            accessible={true}
            allowFontScaling={true}
            disabled={false}
            ellipsizeMode="tail"
            style={
                        Object {
                                    "fontSize": 32,
                                    "letterSpacing": 0.5,
                                  }
            }
>
            RenZo
</Text>,
          <Earth
            fill="blue"
/>,
          <Text
            accessible={true}
            allowFontScaling={true}
            disabled={false}
            ellipsizeMode="tail"
            style={
                        Object {
                                    "bottom": 20,
                                    "color": "#ccc",
                                    "position": "absolute",
                                  }
            }
>
            Shake your phone to open the developer menu.
</Text>,
        ],
        "style": Object {
          "alignItems": "center",
          "backgroundColor": "#fff",
          "flex": 1,
          "justifyContent": "center",
        },
      },
      "ref": null,
      "rendered": Array [
        Object {
          "instance": null,
          "key": null,
          "nodeType": "class",
          "props": Object {
            "accessible": true,
            "allowFontScaling": true,
            "children": "RenZo",
            "disabled": false,
            "ellipsizeMode": "tail",
            "style": Object {
              "fontSize": 32,
              "letterSpacing": 0.5,
            },
          },
          "ref": null,
          "rendered": "RenZo",
          "type": [Function],
        },
        Object {
          "instance": null,
          "key": null,
          "nodeType": "function",
          "props": Object {
            "fill": "blue",
          },
          "ref": null,
          "rendered": null,
          "type": [Function],
        },
        Object {
          "instance": null,
          "key": null,
          "nodeType": "class",
          "props": Object {
            "accessible": true,
            "allowFontScaling": true,
            "children": "Shake your phone to open the developer menu.",
            "disabled": false,
            "ellipsizeMode": "tail",
            "style": Object {
              "bottom": 20,
              "color": "#ccc",
              "position": "absolute",
            },
          },
          "ref": null,
          "rendered": "Shake your phone to open the developer menu.",
          "type": [Function],
        },
      ],
      "type": [Function],
    },
  ],
  Symbol(enzyme.__options__): Object {
    "adapter": ReactSixteenAdapter {
      "options": Object {
        "enableComponentDidUpdateOnSetState": true,
      },
    },
  },
}
`;
